{"case": 1, "of": 24, "id": "whole_square__affine__1103", "seconds": 0.24228945699999827, "status": "MEASURED"}
{"case": 2, "of": 24, "id": "whole_square__affine__2207", "seconds": 0.22560355400000276, "status": "MEASURED"}
{"case": 3, "of": 24, "id": "whole_square__affine__3301", "seconds": 0.23385409000000124, "status": "MEASURED"}
{"case": 4, "of": 24, "id": "whole_square__bilinear__1103", "seconds": 0.30765654700000056, "status": "MEASURED"}
{"case": 5, "of": 24, "id": "whole_square__bilinear__2207", "seconds": 0.2813078849999968, "status": "MEASURED"}
{"case": 6, "of": 24, "id": "whole_square__bilinear__3301", "seconds": 0.28991397400000096, "status": "MEASURED"}
{"case": 7, "of": 24, "id": "whole_square__rational__1103", "seconds": 0.3792473780000023, "status": "MEASURED"}
{"case": 8, "of": 24, "id": "whole_square__rational__2207", "seconds": 0.32930554700000414, "status": "MEASURED"}
{"case": 9, "of": 24, "id": "whole_square__rational__3301", "seconds": 0.24097203000000178, "status": "MEASURED"}
{"case": 10, "of": 24, "id": "whole_square__strong_rational__1103", "seconds": 0.3183981780000025, "status": "MEASURED"}
{"case": 11, "of": 24, "id": "whole_square__strong_rational__2207", "seconds": 0.8514753179999985, "status": "MEASURED"}
{"case": 12, "of": 24, "id": "whole_square__strong_rational__3301", "seconds": 0.37155664400000177, "status": "MEASURED"}
{"case": 13, "of": 24, "id": "cropped_asymmetric_hexagon__affine__1103", "seconds": 0.48160569499999895, "status": "MEASURED"}
{"case": 14, "of": 24, "id": "cropped_asymmetric_hexagon__affine__2207", "seconds": 0.475715902999994, "status": "MEASURED"}
{"case": 15, "of": 24, "id": "cropped_asymmetric_hexagon__affine__3301", "seconds": 0.4722113460000017, "status": "MEASURED"}
{"case": 16, "of": 24, "id": "cropped_asymmetric_hexagon__bilinear__1103", "seconds": 0.6917614090000015, "status": "MEASURED"}
{"case": 17, "of": 24, "id": "cropped_asymmetric_hexagon__bilinear__2207", "seconds": 0.6482994360000021, "status": "MEASURED"}
{"case": 18, "of": 24, "id": "cropped_asymmetric_hexagon__bilinear__3301", "seconds": 0.6304031069999994, "status": "MEASURED"}
{"case": 19, "of": 24, "id": "cropped_asymmetric_hexagon__rational__1103", "seconds": 0.6236445239999995, "status": "MEASURED"}
{"case": 20, "of": 24, "id": "cropped_asymmetric_hexagon__rational__2207", "seconds": 0.6196919170000115, "status": "MEASURED"}
{"case": 21, "of": 24, "id": "cropped_asymmetric_hexagon__rational__3301", "seconds": 0.4952828079999989, "status": "MEASURED"}
{"case": 22, "of": 24, "id": "cropped_asymmetric_hexagon__strong_rational__1103", "seconds": 0.606711851, "status": "MEASURED"}
{"case": 23, "of": 24, "id": "cropped_asymmetric_hexagon__strong_rational__2207", "seconds": 0.8078303570000003, "status": "MEASURED"}
{"case": 24, "of": 24, "id": "cropped_asymmetric_hexagon__strong_rational__3301", "seconds": 0.859949039, "status": "MEASURED"}
{"status": "STAGE_1_COMPLETE_STOP_BEFORE_STAGE_2", "seconds": 12.391814370999995}
