{"case": 1, "of": 24, "id": "whole_square__affine__1103", "seconds": 0.15007878900000549, "states": 9}
{"case": 2, "of": 24, "id": "whole_square__affine__2207", "seconds": 0.12971204599999453, "states": 9}
{"case": 3, "of": 24, "id": "whole_square__affine__3301", "seconds": 0.14469381399999293, "states": 9}
{"case": 4, "of": 24, "id": "whole_square__bilinear__1103", "seconds": 0.17209128900000792, "states": 9}
{"case": 5, "of": 24, "id": "whole_square__bilinear__2207", "seconds": 0.1601300909999992, "states": 9}
{"case": 6, "of": 24, "id": "whole_square__bilinear__3301", "seconds": 0.16206767100000263, "states": 9}
{"case": 7, "of": 24, "id": "whole_square__rational__1103", "seconds": 0.2109447039999992, "states": 9}
{"case": 8, "of": 24, "id": "whole_square__rational__2207", "seconds": 0.22229251499999236, "states": 9}
{"case": 9, "of": 24, "id": "whole_square__rational__3301", "seconds": 0.1577423170000003, "states": 9}
{"case": 10, "of": 24, "id": "whole_square__strong_rational__1103", "seconds": 0.18707200600000817, "states": 9}
{"case": 11, "of": 24, "id": "whole_square__strong_rational__2207", "seconds": 0.46270490700000266, "states": 9}
{"case": 12, "of": 24, "id": "whole_square__strong_rational__3301", "seconds": 0.2163525400000026, "states": 9}
{"case": 13, "of": 24, "id": "cropped_asymmetric_hexagon__affine__1103", "seconds": 6.677257717999993, "states": 240}
{"case": 14, "of": 24, "id": "cropped_asymmetric_hexagon__affine__2207", "seconds": 6.7594032089999985, "states": 240}
{"case": 15, "of": 24, "id": "cropped_asymmetric_hexagon__affine__3301", "seconds": 5.848807860999997, "states": 240}
{"case": 16, "of": 24, "id": "cropped_asymmetric_hexagon__bilinear__1103", "seconds": 10.131483490000008, "states": 240}
{"case": 17, "of": 24, "id": "cropped_asymmetric_hexagon__bilinear__2207", "seconds": 9.100160375000002, "states": 240}
{"case": 18, "of": 24, "id": "cropped_asymmetric_hexagon__bilinear__3301", "seconds": 9.176343321000004, "states": 240}
{"case": 19, "of": 24, "id": "cropped_asymmetric_hexagon__rational__1103", "seconds": 8.706117910000003, "states": 240}
{"case": 20, "of": 24, "id": "cropped_asymmetric_hexagon__rational__2207", "seconds": 9.301871463999987, "states": 240}
{"case": 21, "of": 24, "id": "cropped_asymmetric_hexagon__rational__3301", "seconds": 7.351668496000002, "states": 240}
{"case": 22, "of": 24, "id": "cropped_asymmetric_hexagon__strong_rational__1103", "seconds": 8.866677049000003, "states": 240}
{"case": 23, "of": 24, "id": "cropped_asymmetric_hexagon__strong_rational__2207", "seconds": 11.30492595299998, "states": 240}
{"case": 24, "of": 24, "id": "cropped_asymmetric_hexagon__strong_rational__3301", "seconds": 13.171687128999992, "states": 240}
{"status": "CONNECTIVITY_PROBE_COMPLETE_STOP", "seconds": 112.09130239200002}
